{
  "version": "1.5.0",
  "plugins_used": [
    {
      "name": "ArtifactoryDetector"
    },
    {
      "name": "AWSKeyDetector"
    },
    {
      "name": "AzureStorageKeyDetector"
    },
    {
      "name": "Base64HighEntropyString",
      "limit": 4.5
    },
    {
      "name": "BasicAuthDetector"
    },
    {
      "name": "CloudantDetector"
    },
    {
      "name": "DiscordBotTokenDetector"
    },
    {
      "name": "GitHubTokenDetector"
    },
    {
      "name": "GitLabTokenDetector"
    },
    {
      "name": "HexHighEntropyString",
      "limit": 3.0
    },
    {
      "name": "IbmCloudIamDetector"
    },
    {
      "name": "IbmCosHmacDetector"
    },
    {
      "name": "IPPublicDetector"
    },
    {
      "name": "JwtTokenDetector"
    },
    {
      "name": "KeywordDetector",
      "keyword_exclude": ""
    },
    {
      "name": "MailchimpDetector"
    },
    {
      "name": "NpmDetector"
    },
    {
      "name": "OpenAIDetector"
    },
    {
      "name": "PrivateKeyDetector"
    },
    {
      "name": "PypiTokenDetector"
    },
    {
      "name": "SendGridDetector"
    },
    {
      "name": "SlackDetector"
    },
    {
      "name": "SoftlayerDetector"
    },
    {
      "name": "SquareOAuthDetector"
    },
    {
      "name": "StripeDetector"
    },
    {
      "name": "TelegramBotTokenDetector"
    },
    {
      "name": "TwilioKeyDetector"
    }
  ],
  "filters_used": [
    {
      "path": "detect_secrets.filters.allowlist.is_line_allowlisted"
    },
    {
      "path": "detect_secrets.filters.common.is_ignored_due_to_verification_policies",
      "min_level": 2
    },
    {
      "path": "detect_secrets.filters.heuristic.is_indirect_reference"
    },
    {
      "path": "detect_secrets.filters.heuristic.is_likely_id_string"
    },
    {
      "path": "detect_secrets.filters.heuristic.is_lock_file"
    },
    {
      "path": "detect_secrets.filters.heuristic.is_not_alphanumeric_string"
    },
    {
      "path": "detect_secrets.filters.heuristic.is_potential_uuid"
    },
    {
      "path": "detect_secrets.filters.heuristic.is_prefixed_with_dollar_sign"
    },
    {
      "path": "detect_secrets.filters.heuristic.is_sequential_string"
    },
    {
      "path": "detect_secrets.filters.heuristic.is_swagger_file"
    },
    {
      "path": "detect_secrets.filters.heuristic.is_templated_secret"
    }
  ],
  "results": {
    "graph_data\\graph.json": [
      {
        "type": "Base64 High Entropy String",
        "filename": "graph_data\\graph.json",
        "hashed_secret": "faf16b881162921cd95301b63afa2847ba0766bf",
        "is_verified": false,
        "line_number": 16224
      },
      {
        "type": "Base64 High Entropy String",
        "filename": "graph_data\\graph.json",
        "hashed_secret": "cc13a5c5fc24f74814b47f44fd312847a4e33e99",
        "is_verified": false,
        "line_number": 16608
      },
      {
        "type": "Base64 High Entropy String",
        "filename": "graph_data\\graph.json",
        "hashed_secret": "169cdb45f79be9150f7862c8b185e33509b92afa",
        "is_verified": false,
        "line_number": 17160
      },
      {
        "type": "Base64 High Entropy String",
        "filename": "graph_data\\graph.json",
        "hashed_secret": "e835b6ebcf2e4f10542362bb53afdb6ae448d709",
        "is_verified": false,
        "line_number": 17336
      },
      {
        "type": "Base64 High Entropy String",
        "filename": "graph_data\\graph.json",
        "hashed_secret": "a08fb32f8965de8ea771dbd98f4df6ccfdb69b9d",
        "is_verified": false,
        "line_number": 17632
      },
      {
        "type": "Base64 High Entropy String",
        "filename": "graph_data\\graph.json",
        "hashed_secret": "16b14be6d26a099f5402a419e8cd17d50106f6df",
        "is_verified": false,
        "line_number": 17816
      },
      {
        "type": "Base64 High Entropy String",
        "filename": "graph_data\\graph.json",
        "hashed_secret": "09e544290417a1d7610977fcd798c7b93fecab75",
        "is_verified": false,
        "line_number": 18248
      },
      {
        "type": "Base64 High Entropy String",
        "filename": "graph_data\\graph.json",
        "hashed_secret": "fe7d63e26b801e568d2069c4a4f32698eaea163d",
        "is_verified": false,
        "line_number": 18264
      },
      {
        "type": "Base64 High Entropy String",
        "filename": "graph_data\\graph.json",
        "hashed_secret": "0c24acb6157626e060a0f57ee9d0912eb77cb487",
        "is_verified": false,
        "line_number": 18344
      },
      {
        "type": "Base64 High Entropy String",
        "filename": "graph_data\\graph.json",
        "hashed_secret": "12958572521b8798f647e004b83f4871c9c60df7",
        "is_verified": false,
        "line_number": 18608
      },
      {
        "type": "Base64 High Entropy String",
        "filename": "graph_data\\graph.json",
        "hashed_secret": "a5f65a04583cfb402deb55c15e397f4dae8fc634",
        "is_verified": false,
        "line_number": 19720
      },
      {
        "type": "Base64 High Entropy String",
        "filename": "graph_data\\graph.json",
        "hashed_secret": "810f8f0c8efe506daaebf267cb0bf90013fe53d2",
        "is_verified": false,
        "line_number": 20384
      },
      {
        "type": "Base64 High Entropy String",
        "filename": "graph_data\\graph.json",
        "hashed_secret": "635703e9ec8f6779d47cf1b1af0d35c28b7e4eec",
        "is_verified": false,
        "line_number": 20704
      },
      {
        "type": "Base64 High Entropy String",
        "filename": "graph_data\\graph.json",
        "hashed_secret": "cf45e42f41f87c20eda39639653ca5fa485cc6b3",
        "is_verified": false,
        "line_number": 22072
      },
      {
        "type": "Base64 High Entropy String",
        "filename": "graph_data\\graph.json",
        "hashed_secret": "93b90f93b54cf925c4c5bea342501783517d0766",
        "is_verified": false,
        "line_number": 24704
      },
      {
        "type": "Base64 High Entropy String",
        "filename": "graph_data\\graph.json",
        "hashed_secret": "fc60e48c3a8b7af126907adb8208977e2b32c926",
        "is_verified": false,
        "line_number": 24712
      },
      {
        "type": "Base64 High Entropy String",
        "filename": "graph_data\\graph.json",
        "hashed_secret": "db4a13520576efcf7d006917bb6b672396342bd6",
        "is_verified": false,
        "line_number": 25328
      },
      {
        "type": "Base64 High Entropy String",
        "filename": "graph_data\\graph.json",
        "hashed_secret": "44f87eefddb7525ee8934b70c7107a659871ca09",
        "is_verified": false,
        "line_number": 26528
      },
      {
        "type": "Base64 High Entropy String",
        "filename": "graph_data\\graph.json",
        "hashed_secret": "22097ad03b20c2e5e29f5a692860acdf783b22ee",
        "is_verified": false,
        "line_number": 26648
      }
    ]
  },
  "generated_at": "2026-06-17T12:27:25Z"
}
